C51 COMPILER V8.02   MAIN                                                                  04/05/2016 15:25:16 PAGE 1   


C51 COMPILER V8.02, COMPILATION OF MODULE MAIN
OBJECT MODULE PLACED IN ..\output\main.obj
COMPILER INVOKED BY: D:\Program Files (x86)\Keil\C51\BIN\C51.EXE main.c BROWSE INCDIR(..\PERIPHERALS\INC\) DEBUG OBJECTE
                    -XTEND PRINT(..\lis\main.lst) OBJECT(..\output\main.obj)

line level    source

   1          #include <reg52.h>
   2          #include "usart.h"
   3          #include "iic.h"  
   4          /*
   5          硬件接法：
   6          GY-33----C51
   7          SCL---P3^6
   8          SDA---P3^7
   9          C51---FT232
  10          TX ---RX
  11          RX ---TX
  12          软件说明：
  13          该程序采用IIC对GY-33进行读取数据
  14          采用上位机发送对应指令：
  15          A5 51 F6 ----上传数据
  16          A5 BB 60 ----白平衡
  17          注：
  18                  IIC时钟频率需低于100Khz；
  19                  中断函数位于stc_it.c
  20          联系方式：
  21          http://shop62474960.taobao.com/?spm=a230r.7195193.1997079397.2.9qa3Ky&v=1
  22          */
  23          typedef struct
  24          {
  25              uint16_t Red;
  26              uint16_t Green;
  27              uint16_t Blue;
  28              uint16_t Clear;
  29          } RGBC;
  30          typedef struct
  31          {
  32              uint8_t Red;
  33              uint8_t Green;
  34              uint8_t Blue;
  35          } RGB;
  36          void delay(unsigned int x)
  37          {
  38   1              while(x--);
  39   1      }
  40          int main(void)
  41          {
  42   1              unsigned char  raw_data[9]={0};
  43   1              unsigned int datas[4]={0};
  44   1              RGBC rgbc={0,0,0,0};
  45   1              RGB rgb={0,0,0};
  46   1              uint16_t CT=0,Lux=0;
  47   1              u8 color=0;
  48   1      
  49   1              Usart_Int(9600);
  50   1              while(1)
  51   1              {
  52   2                      if(Calibration==0)//读取数据并上传给上位机
  53   2                      {
  54   3                              if(Single_ReadI2C(0xb4,0x00,raw_data,8))//读取原始RGBC值
C51 COMPILER V8.02   MAIN                                                                  04/05/2016 15:25:16 PAGE 2   

  55   3                              {
  56   4                                      datas[0]=rgbc.Red=(raw_data[0]<<8)|raw_data[1];
  57   4                                      datas[1]=rgbc.Green=(raw_data[2]<<8)|raw_data[3];
  58   4                                      datas[2]=rgbc.Blue=(raw_data[4]<<8)|raw_data[5];
  59   4                                      datas[3]=rgbc.Clear=(raw_data[6]<<8)|raw_data[7];
  60   4                              }
  61   3                              send_out(datas,4,0x15);//串口发送
*** WARNING C182 IN LINE 61 OF MAIN.C: pointer to different objects
  62   3                              
  63   3                              if(Single_ReadI2C(0xb4,0x08,raw_data,4))//读取色温，亮度
  64   3                              {
  65   4                                  datas[0]=Lux=(raw_data[0]<<8)|raw_data[1];
  66   4                                      datas[1]=CT=(raw_data[2]<<8)|raw_data[3];
  67   4                              
  68   4                              }
  69   3                              if(Single_ReadI2C(0xb4,0x0f,raw_data,1))//读取颜色
  70   3                                      datas[2]=color=raw_data[0];
  71   3                               send_out(datas,3,0x25);//串口发送
*** WARNING C182 IN LINE 71 OF MAIN.C: pointer to different objects
  72   3                              
  73   3                              if(Single_ReadI2C(0xb4,0x0c,raw_data,3))//读取处理后的rgb
  74   3                              {
  75   4                                      rgb.Red=raw_data[0];
  76   4                                      rgb.Green=raw_data[1];
  77   4                                      rgb.Blue=raw_data[2];
  78   4                              }
  79   3                              send_3out(raw_data,3,0x45);//串口发送
  80   3                              
  81   3                      }
  82   2                      delay(5000);
  83   2                      if(Calibration==1)//发送一次白平衡指令
  84   2                      {
  85   3                              Single_WriteI2C_byte(0xb4,0x10,0x31);
  86   3                              Calibration=3;
  87   3                      }
  88   2              }
  89   1      }


MODULE INFORMATION:   STATIC OVERLAYABLE
   CODE SIZE        =    357    ----
   CONSTANT SIZE    =     28    ----
   XDATA SIZE       =   ----    ----
   PDATA SIZE       =   ----    ----
   DATA SIZE        =   ----      33
   IDATA SIZE       =   ----    ----
   BIT SIZE         =   ----    ----
END OF MODULE INFORMATION.


C51 COMPILATION COMPLETE.  2 WARNING(S),  0 ERROR(S)
