C51 COMPILER V8.02   MAIN                                                                  04/01/2016 15:08:53 PAGE 1   


C51 COMPILER V8.02, COMPILATION OF MODULE MAIN
OBJECT MODULE PLACED IN ..\output\main.obj
COMPILER INVOKED BY: D:\Program Files (x86)\Keil\C51\BIN\C51.EXE main.c BROWSE INCDIR(..\Peripherals\inc\) DEBUG OBJECTE
                    -XTEND PRINT(..\lis\main.lst) OBJECT(..\output\main.obj)

line level    source

   1          #include <reg52.h>
   2          #include "usart.h"
   3          #include "iic.h"  
   4          /*
   5          硬件接法：
   6          GY-33---c51
   7          1、GY-33_RX---c51_TX,c51复位将发送A5 01 A6 给模块
   8          2、c51_TX---FT232,STM32将数据上传给上位机
   9          3、GY-33_TX---c51_RX，接收模块角度数据
  10          软件说明:
  11          该程序采用串口方式获取模块rgb数据，波特率9600
  12          所以得用上位机先将模块串口设置成9600，然后再进行以上操作：
  13          指令:A5 AE 53,模块需复位生效
  14          
  15          注：中断函数位于stc_it.c
  16          联系方式：
  17          http://shop62474960.taobao.com/?spm=a230r.7195193.1997079397.2.9qa3Ky&v=1
  18          */
  19          void send_com(u8 datas)
  20          {
  21   1              u8 bytes[3]={0};
  22   1              bytes[0]=0xa5;
  23   1              bytes[1]=datas;//功能字节
  24   1              USART_Send(bytes,3);//发送帧头、功能字节、校验和
  25   1      }
  26          typedef struct
  27          {
  28              uint8_t Red;
  29              uint8_t Green;
  30              uint8_t Blue;
  31          } RGB;
  32          int main(void)
  33          {
  34   1      
  35   1          u8 sum=0,i=0;
  36   1              RGB rgb={0,0,0};
  37   1              Usart_Int(9600);
  38   1              send_com(0x01);//发送读方位角指令
  39   1              while(1)
  40   1              {
  41   2                      if(Receive_ok)//串口接收完毕
  42   2                      {
  43   3                              for(sum=0,i=0;i<(rgb_data[3]+4);i++)//rgb_data[3]=3
  44   3                              sum+=rgb_data[i];
  45   3                              if(sum==rgb_data[i])//校验和判断
  46   3                              {
  47   4                                      rgb.Red=rgb_data[4];
  48   4                                      rgb.Green=rgb_data[5];
  49   4                      rgb.Blue=rgb_data[6];
  50   4                                      send_3out(&rgb_data[4],3,0x45);//上传给上位机
  51   4                              }
  52   3                              Receive_ok=0;//处理数据完毕标志
  53   3                      }       
  54   2              }
C51 COMPILER V8.02   MAIN                                                                  04/01/2016 15:08:53 PAGE 2   

  55   1      }


MODULE INFORMATION:   STATIC OVERLAYABLE
   CODE SIZE        =    157    ----
   CONSTANT SIZE    =      6    ----
   XDATA SIZE       =   ----    ----
   PDATA SIZE       =   ----    ----
   DATA SIZE        =   ----       9
   IDATA SIZE       =   ----    ----
   BIT SIZE         =   ----    ----
END OF MODULE INFORMATION.


C51 COMPILATION COMPLETE.  0 WARNING(S),  0 ERROR(S)
